2025-05-03 23:21:34,147 - INFO - Login test started
2025-05-03 23:21:44,419 - INFO - Login test passed
2025-05-03 23:34:36,803 - INFO - Login test started
2025-05-03 23:34:44,513 - INFO - passed
2025-05-03 23:54:55,767 - INFO - Login test started
2025-05-03 23:55:05,183 - INFO - \u2705 Login success with Username: standard_user, Password: secret_sauce
2025-05-03 23:55:06,141 - ERROR - \u274c Login failed with Username: wrong_user, Password: secret_sauce
2025-05-03 23:55:07,000 - ERROR - \u274c Login failed with Username: standard_user, Password: wrong_pass
2025-05-03 23:55:07,733 - ERROR - \u274c Login failed with Username: wrong_user, Password: wrong_pass
